#-----------------------------------------------------------
# Vivado v2020.2 (64-bit)
# SW Build 3064766 on Wed Nov 18 09:12:45 MST 2020
# IP Build 3064653 on Wed Nov 18 14:17:31 MST 2020
# Start of session at: Sat Apr  2 22:17:29 2022
# Process ID: 24264
# Current directory: D:/Polimi/2.Semester/Digital Electronic Systems Design/Lab Furkan Test Local Files/LAB1/KittCar.xpr(Teacher Solution)/KittCar
# Command line: vivado.exe -gui_launcher_event rodinguilauncherevent13752 D:\Polimi\2.Semester\Digital Electronic Systems Design\Lab Furkan Test Local Files\LAB1\KittCar.xpr(Teacher Solution)\KittCar\KittCar.xpr
# Log file: D:/Polimi/2.Semester/Digital Electronic Systems Design/Lab Furkan Test Local Files/LAB1/KittCar.xpr(Teacher Solution)/KittCar/vivado.log
# Journal file: D:/Polimi/2.Semester/Digital Electronic Systems Design/Lab Furkan Test Local Files/LAB1/KittCar.xpr(Teacher Solution)/KittCar\vivado.jou
#-----------------------------------------------------------
start_gui
open_project {D:/Polimi/2.Semester/Digital Electronic Systems Design/Lab Furkan Test Local Files/LAB1/KittCar.xpr(Teacher Solution)/KittCar/KittCar.xpr}
