#-----------------------------------------------------------
# Vivado v2020.2 (64-bit)
# SW Build 3064766 on Wed Nov 18 09:12:45 MST 2020
# IP Build 3064653 on Wed Nov 18 14:17:31 MST 2020
# Start of session at: Sat Apr  2 22:13:14 2022
# Process ID: 23628
# Current directory: D:/Polimi/2.Semester/Digital Electronic Systems Design/Lab Furkan Test Local Files/LAB1/Group LAB1/LAB1/KittCarPWM
# Command line: vivado.exe -gui_launcher_event rodinguilauncherevent21764 D:\Polimi\2.Semester\Digital Electronic Systems Design\Lab Furkan Test Local Files\LAB1\Group LAB1\LAB1\KittCarPWM\KittCarPWM.xpr
# Log file: D:/Polimi/2.Semester/Digital Electronic Systems Design/Lab Furkan Test Local Files/LAB1/Group LAB1/LAB1/KittCarPWM/vivado.log
# Journal file: D:/Polimi/2.Semester/Digital Electronic Systems Design/Lab Furkan Test Local Files/LAB1/Group LAB1/LAB1/KittCarPWM\vivado.jou
#-----------------------------------------------------------
start_gui
open_project {D:/Polimi/2.Semester/Digital Electronic Systems Design/Lab Furkan Test Local Files/LAB1/Group LAB1/LAB1/KittCarPWM/KittCarPWM.xpr}
update_compile_order -fileset sources_1
launch_simulation
source KittCarPWM.tcl
close_sim
